// Jest Snapshot v1, https://goo.gl/fbAQLP

exports[`Button.tsx should render correctly ! 1`] = `
<button
  className="facebook"
  type="button"
>
  <span>
    <svg
      aria-hidden="true"
      data-icon="facebook-f"
      data-prefix="fab"
      focusable="false"
      role="img"
      style={
        {
          "color": undefined,
        }
      }
      viewBox="0 0 320 512"
      xmlns="http://www.w3.org/2000/svg"
    >
      <path
        d="M279.1 288l14.22-92.66h-88.91v-60.13c0-25.35 12.42-50.06 52.24-50.06h40.42V6.26S260.4 0 225.4 0c-73.22 0-121.1 44.38-121.1 124.7v70.62H22.89V288h81.39v224h100.2V288z"
        fill="currentColor"
      />
    </svg>
    Facebook
  </span>
</button>
`;

exports[`Buttons should render correctly ! 1`] = `
<button
  className="facebook"
  type="button"
>
  <span>
    <svg
      aria-hidden="true"
      data-icon="facebook-f"
      data-prefix="fab"
      focusable="false"
      role="img"
      style={
        {
          "color": undefined,
        }
      }
      viewBox="0 0 320 512"
      xmlns="http://www.w3.org/2000/svg"
    >
      <path
        d="M279.1 288l14.22-92.66h-88.91v-60.13c0-25.35 12.42-50.06 52.24-50.06h40.42V6.26S260.4 0 225.4 0c-73.22 0-121.1 44.38-121.1 124.7v70.62H22.89V288h81.39v224h100.2V288z"
        fill="currentColor"
      />
    </svg>
    Facebook
  </span>
</button>
`;

exports[`FacebookButton should render correctly ! 1`] = `
<button
  className="facebook"
  type="button"
>
  <span>
    <svg
      aria-hidden="true"
      data-icon="facebook-f"
      data-prefix="fab"
      focusable="false"
      role="img"
      style={
        {
          "color": undefined,
        }
      }
      viewBox="0 0 320 512"
      xmlns="http://www.w3.org/2000/svg"
    >
      <path
        d="M279.1 288l14.22-92.66h-88.91v-60.13c0-25.35 12.42-50.06 52.24-50.06h40.42V6.26S260.4 0 225.4 0c-73.22 0-121.1 44.38-121.1 124.7v70.62H22.89V288h81.39v224h100.2V288z"
        fill="currentColor"
      />
    </svg>
    Facebook
  </span>
</button>
`;
